MPLINK 5.08, LINKER
Linker Map File - Created Fri Oct 20 11:57:39 2017

                                 Section Info
                  Section       Type    Address   Location Size(Bytes)
                ---------  ---------  ---------  ---------  ---------
                   .org_0       code   0x000000    program   0x000036
                   .cinit    romdata   0x00001b    program   0x000004
.config_2007_BUILD/DEFAULT/PRODUCTION/MAIN.O       code   0x002007    program   0x000002
.config_2008_BUILD/DEFAULT/PRODUCTION/MAIN.O       code   0x002008    program   0x000002



                              Program Memory Usage 
                               Start         End      
                           ---------   ---------      
                            0x000000    0x00001c      
                            0x002007    0x002008      
            31 out of 8455 program addresses used, program memory utilization is 0%



                              Symbols - Sorted by Name
                     Name    Address   Location    Storage File                     
                ---------  ---------  ---------  --------- ---------                
             _.org_0_0015   0x000015    program     static E:\DigitalesII\Jhoana\EncenderApagar\main.asm
             _.org_0_0017   0x000017    program     static E:\DigitalesII\Jhoana\EncenderApagar\main.asm
             _.org_0_0019   0x000019    program     static E:\DigitalesII\Jhoana\EncenderApagar\main.asm
                    bucle   0x000008    program     static E:\DigitalesII\Jhoana\EncenderApagar\main.asm
                  retardo   0x00000d    program     static E:\DigitalesII\Jhoana\EncenderApagar\main.asm



                              Symbols - Sorted by Address
                     Name    Address   Location    Storage File                     
                ---------  ---------  ---------  --------- ---------                
                    bucle   0x000008    program     static E:\DigitalesII\Jhoana\EncenderApagar\main.asm
                  retardo   0x00000d    program     static E:\DigitalesII\Jhoana\EncenderApagar\main.asm
             _.org_0_0015   0x000015    program     static E:\DigitalesII\Jhoana\EncenderApagar\main.asm
             _.org_0_0017   0x000017    program     static E:\DigitalesII\Jhoana\EncenderApagar\main.asm
             _.org_0_0019   0x000019    program     static E:\DigitalesII\Jhoana\EncenderApagar\main.asm


